
> sdn-02-serua@0.1.0 build
> next build ; if errorlevel 1 (echo BUILD_FAILED

Invalid project directory provided, no such directory: C:\Users\fiqri\OneDrive\Documents\kuliah\Kerja praktek\sdn-02-serua\;
